// Vitest Snapshot v1, https://vitest.dev/guide/snapshot.html

exports[`Header > should render the header 1`] = `
<DocumentFragment>
  <header
    class="mocked-styled-1 hl4mxfd"
  >
    <img
      alt="Logo"
      class="mocked-styled-0 le32cth"
      src="https://www.hostfully.com/wp-content/uploads/2022/08/logo-1.svg"
      style="width: 200px; height: auto; display: block;"
    />
    <nav
      class="mocked-styled-2 n2miw7l"
    >
      <a
        class="mocked-styled-3 n3754ll"
        href="#"
      >
        Home
      </a>
      <a
        class="mocked-styled-3 n3754ll"
        href="#"
      >
        About
      </a>
      <a
        class="mocked-styled-3 n3754ll"
        href="#"
      >
        Contact
      </a>
    </nav>
  </header>
</DocumentFragment>
`;
